// Jest Snapshot v1, https://goo.gl/fbAQLP

exports[`test component snapshot 1`] = `
<div
  class="container"
>
  <div
    class="justify-content-md-center row"
  >
    <div
      class="row"
    >
      <div
        class="col"
      >
        <div
          class="fade alert alert-success show"
          role="alert"
        >
          <h3>
            Star Wars Dashboard
          </h3>
        </div>
      </div>
    </div>
    <table
      class="table table-striped table-bordered table-hover"
    >
      <thead>
        <tr>
          <th>
            #
          </th>
          <th>
            Fullname
          </th>
          <th>
            Height
          </th>
          <th>
            Gender
          </th>
          <th>
            Mass
          </th>
          <th>
            Homeworld
          </th>
          <th>
            Action
          </th>
        </tr>
      </thead>
      <tbody />
    </table>
    <div
      class="row"
    >
      <div
        class="col-md-6 offset-md-5"
      >
        <ul
          class="pagination"
        >
          <li
            class="page-item active"
          >
            <span
              class="page-link"
            >
              1
              <span
                class="visually-hidden"
              >
                (current)
              </span>
            </span>
          </li>
          <li
            class="page-item"
          >
            <a
              class="page-link"
              role="button"
              tabindex="0"
            >
              2
            </a>
          </li>
          <li
            class="page-item"
          >
            <a
              class="page-link"
              role="button"
              tabindex="0"
            >
              3
            </a>
          </li>
          <li
            class="page-item"
          >
            <a
              class="page-link"
              role="button"
              tabindex="0"
            >
              4
            </a>
          </li>
          <li
            class="page-item"
          >
            <a
              class="page-link"
              role="button"
              tabindex="0"
            >
              5
            </a>
          </li>
        </ul>
      </div>
    </div>
  </div>
</div>
`;
